cCc≠HcHc@ﬂHcﬂHc¿ﬂHcﬂHc¿ﬁHc¿ﬁHc@ﬂHc@ﬁHc@ﬁHc‹Hc@€Hc¿ŸHcŸHcÿHc¿÷Hc◊Hc¿‘Hc¿”Hc@”Hc“Hc@–Hc–Hc¿ÕHc¿ÃHcÕHc Hc¿…Hc@…Hc@…Hc@ŸHc¿÷Hc@÷Hc”Hc–Hc¿œHcÃHc Hc@ Hc@»Hc@»Hc…Hc¿»Hc»Hc@»Hc…Hc»Hc¿«Hc«Hc»Hc@»Hc¿»Hc…Hc»Hc»Hc…Hc@…Hc»Hc¿»Hc…Hc@…Hc@…Hc Hc¿»Hc»Hc…Hc…Hc@…Hc¿»Hc@…Hc@»Hc Hc¿ Hc@ Hc…Hc Hc@ÀHc¿…Hc@ HcÀHc@ HcÀHc Hc Hc¿ HcÀHc@ Hc HcÀHc Hc Hc@ÀHcÀHc Hc@ÀHc¿ÀHcÀHc HcÀHcÀHcÕHcœHc¿–Hc”Hc‘Hc’Hc’Hc’Hc÷Hc÷Hc”Hc“Hc“HcœHc@ÃHc@ÃHc@ÀHc Hc¿ HcÀHcÀHc¿ÀHc HcÀHc@ÀHc¿ÀHc Hc¿ HcÃHc HcÃHcÃHc@ÀHc@ÀHcÃHcÀHcÀHc¿ÀHc@ Hc«Hc¿√Hc∆Hc@–Hc@ÿHc@ÈHc˙Hc¿˛Hc¿˙Hc¿ÎHc‰Hc”Hc¿«Hc@≈Hc¿∆Hc«Hc…Hc@ HcÀHc…Hc Hc@ Hc…Hc Hc¿…Hc…HcÀHc Hc@…Hc…HcÀHc¿…Hc…Hc Hc¿ Hc@ HcÀHc HcÀHcÀHc Hc@ÀHc@ÀHcÀHc Hc@ HcÃHc Hc@ÀHcÃHc@ÕHc@ŒHc“Hc—Hc’Hc‘Hc@÷HcÿHc¿ŸHc€Hc¿€Hc⁄Hc@›Hc›Hc@ﬁHcﬁHc@ﬁHcﬁHc¿›HcﬁHc¿›Hc›Hc@⁄Hc@⁄HcÿHc@÷Hc‘Hc”Hc@–Hc@ŒHc@ÃHcÀHc…Hc¿»Hc@»Hc¿«Hc«Hc…Hc«Hc»Hc¿»Hc…Hc»Hc»Hc…Hc…Hc@…Hc»Hc@ Hc…Hc¿»Hc¿»Hc»Hc…Hc@ Hc¿…Hc…Hc Hc¿…Hc…Hc@ Hc¿ Hc Hc@ Hc@ HcÀHcÀHcÀHc Hc@ Hc¿ Hc…Hc…Hc Hc¿ Hc…Hc…Hc Hc¿…Hc@ HcÀHc Hc¿…Hc@ÀHc@ÀHcÀHcÀHc@ Hc@ÀHcÀHcÀHc¿ HcÀHcÃHcÃHcœHc“Hc@“Hc‘Hc’Hc¿’Hc¿’Hc‘Hc‘Hc¿“Hc“Hc¿œHcŒHc@ÃHcÀHcÀHc@ Hc¿…Hc¿ÀHc¿ÀHc¿ Hc Hc@ÀHc¿ Hc¿ Hc@ÀHcÀHc¿ Hc@ÀHcÀHc¿ÀHc@ÕHc¿ÀHcÀHcÃHcÃHcÀHc¿…Hc¿«HcƒHc@»Hc‘Hc⁄Hc¿ÌHc@˝Hc@c@˜Hc¿ÊHc¿ﬁHc¿—Hc@∆HcƒHc¿≈Hc»Hc…Hc…Hc Hc…Hc Hc Hc Hc…Hc@…Hc Hc¿…Hc¿»Hc¿…Hc@ÀHc…Hc Hc Hc Hc…Hc Hc¿…Hc HcÀHc¿ Hc¿…Hc@ÀHcÀHc@ Hc HcÃHc¿ Hc@ÀHc@ÀHcÕHc¿ŒHc–Hc“Hc”Hc¿’Hc¿‘Hc¿◊Hc¿◊Hc@ŸHc¿⁄Hc€Hc¿€Hc›Hc@ﬁHcﬁHc@ﬁHc¿ﬁHc¿›Hc¿›Hc@›Hc›Hc¿‹Hc⁄HcŸHc¿◊Hc@’Hc’Hc“Hc—HcœHcÀHcÀHc Hc»Hc«Hc»Hc¿…Hc»Hc¿«Hc«Hc»Hc»Hc»Hc…Hc¿»Hc»Hc»Hc…Hc¿…Hc¿…Hc¿…Hc«Hc@»Hc@ Hc¿…Hc¿»Hc¿»Hc@…Hc»Hc»Hc¿…Hc¿…Hc¿…Hc@ Hc Hc…Hc Hc¿…Hc Hc¿ HcÀHc Hc HcÀHc¿…Hc¿…HcÀHc@ Hc…Hc@ÀHcÀHcÀHc…Hc¿ Hc¿ Hc@…Hc¿ HcÀHc HcÃHc@ÀHc@ÀHcÃHc@ÕHcŒHc–Hc¿“Hc@‘Hc@‘Hc’Hc¿‘Hc@’Hc¿’Hc@”Hc“Hc@—Hc@–Hc@ÕHcÀHcÀHc¿ÀHc¿ Hc Hc@ÀHc@ Hc@ÀHc@ÀHc¿ Hc@ÀHcÀHc…Hc¿ Hc¿ Hc Hc¿…HcÀHc@ÀHc¿ HcÀHcÃHc@ÀHcÀHc»Hc¿≈Hc@√Hc¿ÀHc@ÿHc·Hc@ÚHcˇHcˇHc@ÚHc„Hc¿ŸHc¿ŒHc≈Hc@ƒHc@∆Hc@…Hc…Hc¿…Hc@ Hc@…Hc Hc¿ Hc@ Hc…HcÀHcÀHcÀHc¿ Hc¿ Hc@ Hc@ HcÀHc¿ Hc¿ HcÀHc¿ Hc¿…HcÀHc Hc HcÀHcÀHc…Hc@…Hc¿ HcÀHc@ Hc@ÀHc¿ Hc¿ÕHcœHc—Hc¿—Hc¿“Hc’Hc@◊HcÿHc@ŸHc@⁄Hc€Hc€Hc‹Hc›Hc@ﬂHc@ﬂHcﬂHcﬂHc¿›Hc@ﬁHc@›Hc›Hc€HcŸHcŸHc¿÷Hc@”Hc“Hc—Hc@–Hc¿ÕHcÀHcÀHc¿»Hc«Hc¿«Hc»Hc@»Hc…Hc»Hc…Hc@»Hc…Hc…Hc¿»Hc…Hc¿»Hc…Hc»Hc@ Hc…Hc¿»Hc Hc@ Hc@…Hc@…Hc@…Hc…Hc¿»Hc Hc Hc…Hc»Hc…Hc…Hc Hc@…Hc…Hc…Hc¿ Hc Hc Hc Hc¿ Hc…Hc@ÀHcÀHc@ Hc¿ Hc@ÀHc¿ Hc HcÀHc Hc@ Hc@ÀHc¿ÀHc…Hc¿ Hc HcÀHc¿ÀHc HcÀHcÀHc@ŒHc@œHc¿“Hc”Hc@‘Hc’Hc¿÷Hc÷Hc@‘Hc‘Hc@“Hc@–HcœHc¿ÀHc¿ÀHc¿ Hc Hc¿ÀHc@ÀHc@ Hc Hc@ÀHc@ÀHcÀHc@ÀHc HcÀHcÃHcÀHc HcÀHcÃHc@ÀHc@ÀHc¿ Hc¿ Hc¿ÀHc Hc¿«Hc≈HcƒHc¿ÕHc@›Hc¿ÊHc˜Hc@c¸HcÔHcﬂHc@÷Hc¿ HcƒHc@∆Hc«Hc…Hc…Hc¿…Hc¿»Hc…Hc@ÀHc@ Hc Hc@…Hc¿…Hc@ HcÀHc Hc¿…Hc@ÀHc Hc Hc¿ Hc¿ Hc HcÀHc@ÀHc@ Hc Hc@ÀHc¿ÀHcÃHcÃHc¿ HcÀHcÀHcÀHc¿ Hc@ÃHc@œHc¿œHc“Hc‘Hc¿’Hc’Hc◊HcŸHc¿ŸHc¿⁄Hc€Hc@‹Hc@›Hc¿‹HcﬁHc¿›HcﬂHc¿ﬁHcﬁHc¿›Hc›Hc‹Hc⁄Hc¿⁄Hc@ÿHc◊Hc’Hc”Hc@—Hc@œHc¿ÃHcÀHc¿…Hc…Hc@»Hc«Hc@»Hc…Hc¿«Hc¿«Hc»Hc»Hc»Hc»Hc…Hc»Hc»Hc…Hc@…Hc¿…Hc¿…Hc»Hc»Hc¿»Hc@…Hc¿»Hc…Hc¿»Hc@…Hc@…Hc@ Hc¿…Hc Hc@…Hc¿ Hc Hc@ Hc HcÀHc¿ Hc Hc¿ Hc@ HcÀHc Hc…Hc…HcÀHc@ Hc¿»Hc¿ÀHcÀHc¿ Hc@ÀHc@ÀHc¿ HcÀHc Hc¿ Hc@ÀHc¿ÀHc@ÀHcÃHc¿ÀHcÃHcœHc¿—Hc¿“Hc‘Hc’Hc÷Hc¿’Hc÷Hc‘Hc”Hc¿“Hc¿œHcœHc¿ÃHc@ÃHc@ÀHc¿ Hc@ HcÀHcÀHc¿ Hc¿ Hc@ÃHcÀHc HcÀHc¿ÀHcÀHc@ÃHc¿ HcÀHcÀHc@ Hc HcÀHc@ÀHc@ Hc@…Hc∆HcƒHc«Hc—Hc„Hc¿ÍHc¸HcˇHc@˘HcÈHc@⁄Hc@”Hc«Hc≈Hc∆Hc»Hc@»Hc»Hc…Hc…Hc@…Hc Hc¿…Hc¿…Hc…Hc@ Hc…Hc…HcÀHcÀHc Hc¿ Hc@ Hc¿ Hc HcÀHc…Hc Hc Hc…HcÀHcÃHcÀHc Hc@ÀHc@ÀHc HcÀHc@ÀHc@ÃHc¿ŒHcœHc¿–Hc¿‘Hc‘Hc÷Hc@÷Hc@ÿHc¿⁄Hc‹Hc@€Hc¿‹Hc‹HcﬁHcﬁHc@ﬂHcﬁHc@ﬁHc@ﬁHcﬁHc›Hc¿‹Hc⁄HcŸHc◊Hc@’Hc‘Hc“Hc¿œHc¿ÕHcÀHcÀHc@…Hc»Hc¿∆Hc¿»Hc@»Hc@«Hp@†cÀ?c¿»?c¿«?cP8c`ccæc(c|c c c(ccccºˇˇˇccXÛc<Ûc&cS|∞cÙ”c∂¸6mcc?©Øc;c:c¡c.ccÿvc?c
cÓ5c≥ÀÍc c≈c¨cª7c?®c˝÷c•c6±cC
c˚Tcƒc_cc¶i’Óc´qcc
BcæHcØc¢›Zc?cæ‚c∆gcg?”c
c
Jc“c—qc?c#•‹ccs∑ cø`?c∑>cƒc_cc¶M?Óc1ccŸAc	cc≠:cci?c´qcZc
BcæHcØc∏#c?cæ‹‚c∆gc;∫∏c
c
1cc¢›Zc∏cø`?c∑>cQcß1™cc'ccEc§]cAˇﬂc™‚Yccº´c+Test sample[0] Start Invoking

Test sample[0] Start Finding Max Value

Test sample "N":
Predicted N (50%) - SUCCESS

Test sample[0] Start Reading

Test sample[0] Start Invoking

Test sample[0] Start Finding Max Value

Test sample "N":
Predicted N (50%) - SUCCESS

Test sample[0] Finsih


Test sample[1] Start Invoking

Test sample[1] Start Finding Max Value

Test sample "N":
Predicted N (50%) - SUCCESS

Test sample[1] Start Reading

Test sample[1] Start Invoking

Test sample[1] Start Finding Max Value

Test sample "N":
Predicted N (50%) - SUCCESS

Test sample[1] Finsih


Test sample[2] Start Invoking

Test sample[2] Start Finding Max Value

Test sample "N":
Predicted N (50%) - SUCCESS

Test sample[2] Start Reading

Test sample[2] Start Invoking

Test sample[2] Start Finding Max Value

Test sample "N":
Predicted N (50%) - SUCCESS

Test sample[2] Finsih


Test sample[3] Start Invoking

Test sample[3] Start Finding Max Value

Test sample "q":
Predicted q (50%) - SUCCESS

Test sample[3] Start Reading

Test sample[3] Start Invoking

Test sample[3] Start Finding Max Value

Test sample "q":
Predicted q (50%) - SUCCESS

Test sample[3] Finsih


Test sample[4] Start Invoking

Test sample[4] Start Finding Max Value

Test sample "N":
Predicted N (50%) - SUCCESS

Test sample[4] Start Reading

Test sample[4] Start Invoking

Test sample[4] Start Finding Max Value

Test sample "N":
Predicted N (50%) - SUCCESS

Test sample[4] Finsih


Test sample[5] Start Invoking

Test sample[5] Start Finding Max Value

Test sample "N":
Predicted N (50%) - SUCCESS

Test sample[5] Start Reading

Test sample[5] Start Invoking

Test sample[5] Start Finding Max Value

Test sample "N":
Predicted N (50%) - SUCCESS

Test sample[5] Finsih


Test sample[6] Start Invoking

Test sample[6] Start Finding Max Value

Test sample "N":
Predicted N (50%) - SUCCESS

Test sample[6] Start Reading

Test sample[6] Start Invoking

Test sample[6] Start Finding Max Value

Test sample "N":
Predicted N (50%) - SUCCESS

Test sample[6] Finsih


Test sample[7] Start Invoking

Test sample[7] Start Finding Max Value

Test sample "N":
Predicted N (50%) - SUCCESS

Test sample[7] Start Reading

Test sample[7] Start Invoking

Test sample[7] Start Finding Max Value

Test sample "N":
Predicted N (50%) - SUCCESS

Test sample[7] Finsih


Test sample[8] Start Invoking

Test sample[8] Start Finding Max Value

Test sample "N":
Predicted N (50%) - SUCCESS

Test sample[8] Start Reading

Test sample[8] Start Invoking

Test sample[8] Start Finding Max Value

Test sample "N":
Predicted N (50%) - SUCCESS

Test sample[8] Finsih


Test sample[9] Start Invoking

Test sample[9] Start Finding Max Value

Test sample "N":
Predicted N (50%) - SUCCESS

Test sample[9] Start Reading

Test sample[9] Start Invoking

Test sample[9] Start Finding Max Value

Test sample "N":
Predicted N (50%) - SUCCESS

Test sample[9] Finsih


Test sample[10] Start Invoking

Test sample[10] Start Finding Max Value

Test sample "N":
Predicted N (50%) - SUCCESS

Test sample[10] Start Reading

Test sample[10] Start Invoking

Test sample[10] Start Finding Max Value

Test sample "N":
Predicted N (50%) - SUCCESS

Test sample[10] Finsih


Test sample[11] Start Invoking

Test sample[11] Start Finding Max Value

Test sample "s":
Predicted s (50%) - SUCCESS

Test sample[11] Start Reading

Test sample[11] Start Invoking

Test sample[11] Start Finding Max Value

Test sample "s":
Predicted s (50%) - SUCCESS

Test sample[11] Finsih


Test sample[12] Start Invoking

Test sample[12] Start Finding Max Value

Test sample "N":
Predicted N (50%) - SUCCESS

Test sample[12] Start Reading

Test sample[12] Start Invoking

Test sample[12] Start Finding Max Value

Test sample "N":
Predicted N (50%) - SUCCESS

Test sample[12] Finsih


Test sample[13] Start Invoking

Test sample[13] Start Finding Max Value

Test sample "N":
Predicted N (50%) - SUCCESS

Test sample[13] Start Reading

Test sample[13] Start Invoking

Test sample[13] Start Finding Max Value

Test sample "N":
Predicted N (50%) - SUCCESS

Test sample[13] Finsih


Test sample[14] Start Invoking

Test sample[14] Start Finding Max Value

Test sample "N":
Predicted N (50%) - SUCCESS

Test sample[14] Start Reading

Test sample[14] Start Invoking

Test sample[14] Start Finding Max Value

Test sample "N":
Predicted N (50%) - SUCCESS

Test sample[14] Finsih


Test sample[15] Start Invoking

Test sample[15] Start Finding Max Value

Test sample "f":
Predicted e (50%) - FAIL

Test sample[15] Start Reading

Test sample[15] Start Invoking

Test sample[15] Start Finding Max Value

Test sample "f":
Predicted e (50%) - FAIL

Test sample[15] Finsih


Test sample[16] Start Invoking

Test sample[16] Start Finding Max Value

Test sample "f":
Predicted v (50%) - FAIL

Test sample[16] Start Reading

Test sample[16] Start Invoking

Test sample[16] Start Finding Max Value

Test sample "f":
Predicted v (50%) - FAIL

Test sample[16] Finsih


Test sample[17] Start Invoking

Test sample[17] Start Finding Max Value

Test sample "N":
Predicted N (50%) - SUCCESS

Test sample[17] Start Reading

Test sample[17] Start Invoking

Test sample[17] Start Finding Max Value

Test sample "N":
Predicted N (50%) - SUCCESS

Test sample[17] Finsih


Test sample[18] Start Invoking

Test sample[18] Start Finding Max Value

Test sample "N":
Predicted N (50%) - SUCCESS

Test sample[18] Start Reading

Test sample[18] Start Invoking

Test sample[18] Start Finding Max Value

Test sample "N":
Predicted N (50%) - SUCCESS

Test sample[18] Finsih


Test sample[19] Start Invoking

Test sample[19] Start Finding Max Value

Test sample "N":
Predicted N (50%) - SUCCESS

Test sample[19] Start Reading

Test sample[19] Start Invoking

Test sample[19] Start Finding Max Value

Test sample "N":
Predicted N (50%) - SUCCESS

Test sample[19] Finsih


Test sample[20] Start Invoking

Test sample[20] Start Finding Max Value

Test sample "N":
Predicted N (50%) - SUCCESS

Test sample[20] Start Reading

Test sample[20] Start Invoking

Test sample[20] Start Finding Max Value

Test sample "N":
Predicted N (50%) - SUCCESS

Test sample[20] Finsih


Test sample[21] Start Invoking

Test sample[21] Start Finding Max Value

Test sample "v":
Predicted v (50%) - SUCCESS

Test sample[21] Start Reading

Test sample[21] Start Invoking

Test sample[21] Start Finding Max Value

Test sample "v":
Predicted v (50%) - SUCCESS

Test sample[21] Finsih


Test sample[22] Start Invoking

Test sample[22] Start Finding Max Value

Test sample "N":
Predicted N (50%) - SUCCESS

Test sample[22] Start Reading

Test sample[22] Start Invoking

Test sample[22] Start Finding Max Value

Test sample "N":
Predicted N (50%) - SUCCESS

Test sample[22] Finsih


Test sample[23] Start Invoking

Test sample[23] Start Finding Max Value

Test sample "N":
Predicted N (50%) - SUCCESS

Test sample[23] Start Reading

Test sample[23] Start Invoking

Test sample[23] Start Finding Max Value

Test sample "N":
Predicted N (50%) - SUCCESS

Test sample[23] Finsih


Test sample[24] Start Invoking

Test sample[24] Start Finding Max Value

Test sample "N":
Predicted N (50%) - SUCCESS

Test sample[24] Start Reading

Test sample[24] Start Invoking

Test sample[24] Start Finding Max Value

Test sample "N":
Predicted N (50%) - SUCCESS

Test sample[24] Finsih


Test sample[25] Start Invoking

Test sample[25] Start Finding Max Value

Test sample "N":
Predicted N (50%) - SUCCESS

Test sample[25] Start Reading

Test sample[25] Start Invoking

Test sample[25] Start Finding Max Value

Test sample "N":
Predicted N (50%) - SUCCESS

Test sample[25] Finsih


Test sample[26] Start Invoking

Test sample[26] Start Finding Max Value

Test sample "s":
Predicted s (50%) - SUCCESS

Test sample[26] Start Reading

Test sample[26] Start Invoking

Test sample[26] Start Finding Max Value

Test sample "s":
Predicted s (50%) - SUCCESS

Test sample[26] Finsih


Test sample[27] Start Invoking

Test sample[27] Start Finding Max Value

Test sample "N":
Predicted N (50%) - SUCCESS

Test sample[27] Start Reading

Test sample[27] Start Invoking

Test sample[27] Start Finding Max Value

Test sample "N":
Predicted N (50%) - SUCCESS

Test sample[27] Finsih


Test sample[28] Start Invoking

Test sample[28] Start Finding Max Value

Test sample "f":
Predicted f (50%) - SUCCESS

Test sample[28] Start Reading

Test sample[28] Start Invoking

Test sample[28] Start Finding Max Value

Test sample "f":
Predicted f (50%) - SUCCESS

Test sample[28] Finsih


Test sample[29] Start Invoking

Test sample[29] Start Finding Max Value

Test sample "N":
Predicted N (50%) - SUCCESS

Test sample[29] Start Reading

Test sample[29] Start Invoking

Test sample[29] Start Finding Max Value

Test sample "N":
Predicted N (50%) - SUCCESS

Test sample[29] Finsih


Test sample[30] Start Invoking

Test sample[30] Start Finding Max Value

Test sample "N":
Predicted N (50%) - SUCCESS

Test sample[30] Start Reading

Test sample[30] Start Invoking

Test sample[30] Start Finding Max Value

Test sample "N":
Predicted N (50%) - SUCCESS

Test sample[30] Finsih


Test sample[31] Start Invoking

Test sample[31] Start Finding Max Value

Test sample "s":
Predicted s (50%) - SUCCESS

Test sample[31] Start Reading

Test sample[31] Start Invoking

Test sample[31] Start Finding Max Value

Test sample "s":
Predicted s (50%) - SUCCESS

Test sample[31] Finsih


Test sample[32] Start Invoking

Test sample[32] Start Finding Max Value

Test sample "N":
Predicted N (50%) - SUCCESS

Test sample[32] Start Reading

Test sample[32] Start Invoking

Test sample[32] Start Finding Max Value

Test sample "N":
Predicted N (50%) - SUCCESS

Test sample[32] Finsih


Test sample[33] Start Invoking

Test sample[33] Start Finding Max Value

Test sample "N":
Predicted N (50%) - SUCCESS

Test sample[33] Start Reading

Test sample[33] Start Invoking

Test sample[33] Start Finding Max Value

Test sample "N":
Predicted N (50%) - SUCCESS

Test sample[33] Finsih


Test sample[34] Start Invoking

Test sample[34] Start Finding Max Value

Test sample "N":
Predicted N (50%) - SUCCESS

Test sample[34] Start Reading

Test sample[34] Start Invoking

Test sample[34] Start Finding Max Value

Test sample "N":
Predicted N (50%) - SUCCESS

Test sample[34] Finsih


Test sample[35] Start Invoking

Test sample[35] Start Finding Max Value

Test sample "N":
Predicted N (50%) - SUCCESS

Test sample[35] Start Reading

Test sample[35] Start Invoking

Test sample[35] Start Finding Max Value

Test sample "N":
Predicted N (50%) - SUCCESS

Test sample[35] Finsih


Test sample[36] Start Invoking

Test sample[36] Start Finding Max Value

Test sample "q":
Predicted q (50%) - SUCCESS

Test sample[36] Start Reading

Test sample[36] Start Invoking

Test sample[36] Start Finding Max Value

Test sample "q":
Predicted q (50%) - SUCCESS

Test sample[36] Finsih


Test sample[37] Start Invoking

Test sample[37] Start Finding Max Value

Test sample "w":
Predicted w (50%) - SUCCESS

Test sample[37] Start Reading

Test sample[37] Start Invoking

Test sample[37] Start Finding Max Value

Test sample "w":
Predicted w (50%) - SUCCESS

Test sample[37] Finsih


Test sample[38] Start Invoking

Test sample[38] Start Finding Max Value

Test sample "N":
Predicted N (50%) - SUCCESS

Test sample[38] Start Reading

Test sample[38] Start Invoking

Test sample[38] Start Finding Max Value

Test sample "N":
Predicted N (50%) - SUCCESS

Test sample[38] Finsih


Test sample[39] Start Invoking

Test sample[39] Start Finding Max Value

Test sample "s":
Predicted s (50%) - SUCCESS

Test sample[39] Start Reading

Test sample[39] Start Invoking

Test sample[39] Start Finding Max Value

Test sample "s":
Predicted s (50%) - SUCCESS

Test sample[39] Finsih


Test sample[40] Start Invoking

Test sample[40] Start Finding Max Value

Test sample "f":
Predicted f (50%) - SUCCESS

Test sample[40] Start Reading

Test sample[40] Start Invoking

Test sample[40] Start Finding Max Value

Test sample "f":
Predicted f (50%) - SUCCESS

Test sample[40] Finsih


Test sample[41] Start Invoking

Test sample[41] Start Finding Max Value

Test sample "N":
Predicted N (50%) - SUCCESS

Test sample[41] Start Reading

Test sample[41] Start Invoking

Test sample[41] Start Finding Max Value

Test sample "N":
Predicted N (50%) - SUCCESS

Test sample[41] Finsih


Test sample[42] Start Invoking

Test sample[42] Start Finding Max Value

Test sample "f":
Predicted f (50%) - SUCCESS

Test sample[42] Start Reading

Test sample[42] Start Invoking

Test sample[42] Start Finding Max Value

Test sample "f":
Predicted f (50%) - SUCCESS

Test sample[42] Finsih


Test sample[43] Start Invoking

Test sample[43] Start Finding Max Value

Test sample "N":
Predicted N (50%) - SUCCESS

Test sample[43] Start Reading

Test sample[43] Start Invoking

Test sample[43] Start Finding Max Value

Test sample "N":
Predicted N (50%) - SUCCESS

Test sample[43] Finsih


Test sample[44] Start Invoking

Test sample[44] Start Finding Max Value

Test sample "N":
Predicted N (50%) - SUCCESS

Test sample[44] Start Reading

Test sample[44] Start Invoking

Test sample[44] Start Finding Max Value

Test sample "N":
Predicted N (50%) - SUCCESS

Test sample[44] Finsih


Test sample[45] Start Invoking

Test sample[45] Start Finding Max Value

Test sample "N":
Predicted N (50%) - SUCCESS

Test sample[45] Start Reading

Test sample[45] Start Invoking

Test sample[45] Start Finding Max Value

Test sample "N":
Predicted N (50%) - SUCCESS

Test sample[45] Finsih


Test sample[46] Start Invoking

Test sample[46] Start Finding Max Value

Test sample "q":
Predicted q (50%) - SUCCESS

Test sample[46] Start Reading

Test sample[46] Start Invoking

Test sample[46] Start Finding Max Value

Test sample "q":
Predicted q (50%) - SUCCESS

Test sample[46] Finsih


Test sample[47] Start Invoking

Test sample[47] Start Finding Max Value

Test sample "N":
Predicted N (50%) - SUCCESS

Test sample[47] Start Reading

Test sample[47] Start Invoking

Test sample[47] Start Finding Max Value

Test sample "N":
Predicted N (50%) - SUCCESS

Test sample[47] Finsih


Test sample[48] Start Invoking

Test sample[48] Start Finding Max Value

Test sample "v":
Predicted v (50%) - SUCCESS

Test sample[48] Start Reading

Test sample[48] Start Invoking

Test sample[48] Start Finding Max Value

Test sample "v":
Predicted v (50%) - SUCCESS

Test sample[48] Finsih


Test sample[49] Start Invoking

Test sample[49] Start Finding Max Value

Test sample "s":
Predicted s (50%) - SUCCESS

Test sample[49] Start Reading

Test sample[49] Start Invoking

Test sample[49] Start Finding Max Value

Test sample "s":
Predicted s (50%) - SUCCESS

Test sample[49] Finsih


Correct Rate = 96 / 100


Test sample[0] Start Invoking

Test sample[0] Start Finding Max Value

Predicted N (50%)
Test sample[1] Start Invoking

Test sample[1] Start Finding Max Value

Predicted e (50%)
Test sample[2] Start Invoking

Test sample[2] Start Finding Max Value

Predicted e (50%)
Test sample[3] Start Invoking

Test sample[3] Start Finding Max Value

Predicted e (50%)
Test sample[4] Start Invoking

Test sample[4] Start Finding Max Value

Predicted v (50%)
URAT_GET_STRING_START
12222222222